// Jest Snapshot v1, https://goo.gl/fbAQLP

exports[`TableHeader component renders with props and slots 1`] = `
<thead>
  <tr>
    <th
      class="text-center"
    >
      Actions
    </th>
  </tr>
</thead>
`;
